#-----------------------------------------------------------
# Vivado v2025.2 (64-bit)
# SW Build 6299465 on Fri Nov 14 12:34:56 MST 2025
# IP Build 6300035 on Fri Nov 14 10:48:45 MST 2025
# SharedData Build 6298862 on Thu Nov 13 04:50:51 MST 2025
# Start of session at: Fri Jun 12 11:45:06 2026
# Process ID         : 24477
# Current directory  : /root/Desktop/LOG_FPGA/XSA_scripts/sample_testcase/fpga_project.runs/impl_1
# Command line       : vivado -log tb_adder.vdi -applog -product Vivado -messageDb vivado.pb -mode batch -source tb_adder.tcl -notrace
# Log file           : /root/Desktop/LOG_FPGA/XSA_scripts/sample_testcase/fpga_project.runs/impl_1/tb_adder.vdi
# Journal file       : /root/Desktop/LOG_FPGA/XSA_scripts/sample_testcase/fpga_project.runs/impl_1/vivado.jou
# Running On         : e2e-60-156
# Platform           : Ubuntu
# Operating System   : Ubuntu 22.04.5 LTS
# Processor Detail   : AMD EPYC 9555 64-Core Processor
# CPU Frequency      : 3195.196 MHz
# CPU Physical cores : 32
# CPU Logical cores  : 32
# Host memory        : 125782 MB
# Swap memory        : 0 MB
# Total Virtual      : 125782 MB
# Available Virtual  : 118093 MB
#-----------------------------------------------------------
source tb_adder.tcl -notrace
