Copyright 1986-2022 Xilinx, Inc. All Rights Reserved. Copyright 2022-2025 Advanced Micro Devices, Inc. All Rights Reserved.
---------------------------------------------------------------------------------------------------------------------------------------------------------------------------------------------------------------------------
| Tool Version : Vivado v.2025.2 (lin64) Build 6299465 Fri Nov 14 12:34:56 MST 2025
| Date         : Fri Jun 12 13:04:04 2026
| Host         : e2e-60-156 running 64-bit Ubuntu 22.04.5 LTS
| Command      : report_timing_summary -max_paths 10 -routable_nets -report_unconstrained -file adder_timing_summary_routed.rpt -pb adder_timing_summary_routed.pb -rpx adder_timing_summary_routed.rpx -warn_on_violation
| Design       : adder
| Device       : 7z020-clg400
| Speed File   : -1  PRODUCTION 1.12 2019-11-22
| Design State : Routed
---------------------------------------------------------------------------------------------------------------------------------------------------------------------------------------------------------------------------

Timing Summary Report

------------------------------------------------------------------------------------------------
| Timer Settings
| --------------
------------------------------------------------------------------------------------------------

  Enable Multi Corner Analysis               :  Yes
  Enable Pessimism Removal                   :  Yes
  Pessimism Removal Resolution               :  Nearest Common Node
  Enable Input Delay Default Clock           :  No
  Enable Preset / Clear Arcs                 :  No
  Disable Flight Delays                      :  No
  Ignore I/O Paths                           :  No
  Timing Early Launch at Borrowing Latches   :  No
  Borrow Time for Max Delay Exceptions       :  Yes
  Merge Timing Exceptions                    :  Yes
  Inter-SLR Compensation                     :  Conservative

  Corner  Analyze    Analyze    
  Name    Max Paths  Min Paths  
  ------  ---------  ---------  
  Slow    Yes        Yes        
  Fast    Yes        Yes        


------------------------------------------------------------------------------------------------
| Report Methodology
| ------------------
------------------------------------------------------------------------------------------------

Rule       Severity          Description                  Violations  
---------  ----------------  ---------------------------  ----------  
TIMING-17  Critical Warning  Non-clocked sequential cell  32          

Note: This report is based on the most recent report_methodology run and may not be up-to-date. Run report_methodology on the current design for the latest report.



check_timing report

Table of Contents
-----------------
1. checking no_clock (32)
2. checking constant_clock (0)
3. checking pulse_width_clock (0)
4. checking unconstrained_internal_endpoints (32)
5. checking no_input_delay (64)
6. checking no_output_delay (32)
7. checking multiple_clock (0)
8. checking generated_clocks (0)
9. checking loops (0)
10. checking partial_input_delay (0)
11. checking partial_output_delay (0)
12. checking latch_loops (0)

1. checking no_clock (32)
-------------------------
 There are 32 register/latch pins with no clock driven by root clock pin: clk (HIGH)


2. checking constant_clock (0)
------------------------------
 There are 0 register/latch pins with constant_clock.


3. checking pulse_width_clock (0)
---------------------------------
 There are 0 register/latch pins which need pulse_width check


4. checking unconstrained_internal_endpoints (32)
-------------------------------------------------
 There are 32 pins that are not constrained for maximum delay. (HIGH)

 There are 0 pins that are not constrained for maximum delay due to constant clock.


5. checking no_input_delay (64)
-------------------------------
 There are 64 input ports with no input delay specified. (HIGH)

 There are 0 input ports with no input delay but user has a false path constraint.


6. checking no_output_delay (32)
--------------------------------
 There are 32 ports with no output delay specified. (HIGH)

 There are 0 ports with no output delay but user has a false path constraint

 There are 0 ports with no output delay but with a timing clock defined on it or propagating through it


7. checking multiple_clock (0)
------------------------------
 There are 0 register/latch pins with multiple clocks.


8. checking generated_clocks (0)
--------------------------------
 There are 0 generated clocks that are not connected to a clock source.


9. checking loops (0)
---------------------
 There are 0 combinational loops in the design.


10. checking partial_input_delay (0)
------------------------------------
 There are 0 input ports with partial input delay specified.


11. checking partial_output_delay (0)
-------------------------------------
 There are 0 ports with partial output delay specified.


12. checking latch_loops (0)
----------------------------
 There are 0 combinational latch loops in the design through latch input



------------------------------------------------------------------------------------------------
| Design Timing Summary
| ---------------------
------------------------------------------------------------------------------------------------

    WNS(ns)      TNS(ns)  TNS Failing Endpoints  TNS Total Endpoints      WHS(ns)      THS(ns)  THS Failing Endpoints  THS Total Endpoints     WPWS(ns)     TPWS(ns)  TPWS Failing Endpoints  TPWS Total Endpoints  
    -------      -------  ---------------------  -------------------      -------      -------  ---------------------  -------------------     --------     --------  ----------------------  --------------------  
        inf        0.000                      0                   64          inf        0.000                      0                   64           NA           NA                      NA                    NA  


There are no user specified timing constraints.


------------------------------------------------------------------------------------------------
| Clock Summary
| -------------
------------------------------------------------------------------------------------------------


------------------------------------------------------------------------------------------------
| Intra Clock Table
| -----------------
------------------------------------------------------------------------------------------------

Clock             WNS(ns)      TNS(ns)  TNS Failing Endpoints  TNS Total Endpoints      WHS(ns)      THS(ns)  THS Failing Endpoints  THS Total Endpoints     WPWS(ns)     TPWS(ns)  TPWS Failing Endpoints  TPWS Total Endpoints  
-----             -------      -------  ---------------------  -------------------      -------      -------  ---------------------  -------------------     --------     --------  ----------------------  --------------------  


------------------------------------------------------------------------------------------------
| Inter Clock Table
| -----------------
------------------------------------------------------------------------------------------------

From Clock    To Clock          WNS(ns)      TNS(ns)  TNS Failing Endpoints  TNS Total Endpoints      WHS(ns)      THS(ns)  THS Failing Endpoints  THS Total Endpoints  
----------    --------          -------      -------  ---------------------  -------------------      -------      -------  ---------------------  -------------------  


------------------------------------------------------------------------------------------------
| Other Path Groups Table
| -----------------------
------------------------------------------------------------------------------------------------

Path Group    From Clock    To Clock          WNS(ns)      TNS(ns)  TNS Failing Endpoints  TNS Total Endpoints      WHS(ns)      THS(ns)  THS Failing Endpoints  THS Total Endpoints  
----------    ----------    --------          -------      -------  ---------------------  -------------------      -------      -------  ---------------------  -------------------  


------------------------------------------------------------------------------------------------
| User Ignored Path Table
| -----------------------
------------------------------------------------------------------------------------------------

Path Group    From Clock    To Clock    
----------    ----------    --------    


------------------------------------------------------------------------------------------------
| Unconstrained Path Table
| ------------------------
------------------------------------------------------------------------------------------------

Path Group    From Clock    To Clock    
----------    ----------    --------    
(none)                                    


------------------------------------------------------------------------------------------------
| Timing Details
| --------------
------------------------------------------------------------------------------------------------


--------------------------------------------------------------------------------------
Path Group:  (none)
From Clock:  
  To Clock:  

Max Delay            64 Endpoints
Min Delay            64 Endpoints
--------------------------------------------------------------------------------------


Max Delay Paths
--------------------------------------------------------------------------------------
Slack:                    inf
  Source:                 a[0]
                            (input port)
  Destination:            sum_reg[29]/D
  Path Group:             (none)
  Path Type:              Max at Slow Process Corner
  Data Path Delay:        9.164ns  (logic 2.630ns (28.696%)  route 6.534ns (71.304%))
  Logic Levels:           10  (CARRY4=8 IBUF=1 LUT2=1)

    Location             Delay type                Incr(ns)  Path(ns)    Netlist Resource(s)
  -------------------------------------------------------------------    -------------------
    W6                                                0.000     0.000 r  a[0] (IN)
                         net (fo=0)                   0.000     0.000    a[0]
    W6                   IBUF (Prop_ibuf_I_O)         0.956     0.956 r  a_IBUF[0]_inst/O
                         net (fo=2, routed)           6.534     7.490    a_IBUF[0]
    SLICE_X113Y62        LUT2 (Prop_lut2_I0_O)        0.124     7.614 r  sum[3]_i_5/O
                         net (fo=1, routed)           0.000     7.614    sum[3]_i_5_n_0
    SLICE_X113Y62        CARRY4 (Prop_carry4_S[0]_CO[3])
                                                      0.532     8.146 r  sum_reg[3]_i_1/CO[3]
                         net (fo=1, routed)           0.000     8.146    sum_reg[3]_i_1_n_0
    SLICE_X113Y63        CARRY4 (Prop_carry4_CI_CO[3])
                                                      0.114     8.260 r  sum_reg[7]_i_1/CO[3]
                         net (fo=1, routed)           0.000     8.260    sum_reg[7]_i_1_n_0
    SLICE_X113Y64        CARRY4 (Prop_carry4_CI_CO[3])
                                                      0.114     8.374 r  sum_reg[11]_i_1/CO[3]
                         net (fo=1, routed)           0.000     8.374    sum_reg[11]_i_1_n_0
    SLICE_X113Y65        CARRY4 (Prop_carry4_CI_CO[3])
                                                      0.114     8.488 r  sum_reg[15]_i_1/CO[3]
                         net (fo=1, routed)           0.000     8.488    sum_reg[15]_i_1_n_0
    SLICE_X113Y66        CARRY4 (Prop_carry4_CI_CO[3])
                                                      0.114     8.602 r  sum_reg[19]_i_1/CO[3]
                         net (fo=1, routed)           0.000     8.602    sum_reg[19]_i_1_n_0
    SLICE_X113Y67        CARRY4 (Prop_carry4_CI_CO[3])
                                                      0.114     8.716 r  sum_reg[23]_i_1/CO[3]
                         net (fo=1, routed)           0.000     8.716    sum_reg[23]_i_1_n_0
    SLICE_X113Y68        CARRY4 (Prop_carry4_CI_CO[3])
                                                      0.114     8.830 r  sum_reg[27]_i_1/CO[3]
                         net (fo=1, routed)           0.000     8.830    sum_reg[27]_i_1_n_0
    SLICE_X113Y69        CARRY4 (Prop_carry4_CI_O[1])
                                                      0.334     9.164 r  sum_reg[31]_i_1/O[1]
                         net (fo=1, routed)           0.000     9.164    p_0_in[29]
    SLICE_X113Y69        FDRE                                         r  sum_reg[29]/D
  -------------------------------------------------------------------    -------------------

Slack:                    inf
  Source:                 a[0]
                            (input port)
  Destination:            sum_reg[31]/D
  Path Group:             (none)
  Path Type:              Max at Slow Process Corner
  Data Path Delay:        9.143ns  (logic 2.609ns (28.532%)  route 6.534ns (71.468%))
  Logic Levels:           10  (CARRY4=8 IBUF=1 LUT2=1)

    Location             Delay type                Incr(ns)  Path(ns)    Netlist Resource(s)
  -------------------------------------------------------------------    -------------------
    W6                                                0.000     0.000 r  a[0] (IN)
                         net (fo=0)                   0.000     0.000    a[0]
    W6                   IBUF (Prop_ibuf_I_O)         0.956     0.956 r  a_IBUF[0]_inst/O
                         net (fo=2, routed)           6.534     7.490    a_IBUF[0]
    SLICE_X113Y62        LUT2 (Prop_lut2_I0_O)        0.124     7.614 r  sum[3]_i_5/O
                         net (fo=1, routed)           0.000     7.614    sum[3]_i_5_n_0
    SLICE_X113Y62        CARRY4 (Prop_carry4_S[0]_CO[3])
                                                      0.532     8.146 r  sum_reg[3]_i_1/CO[3]
                         net (fo=1, routed)           0.000     8.146    sum_reg[3]_i_1_n_0
    SLICE_X113Y63        CARRY4 (Prop_carry4_CI_CO[3])
                                                      0.114     8.260 r  sum_reg[7]_i_1/CO[3]
                         net (fo=1, routed)           0.000     8.260    sum_reg[7]_i_1_n_0
    SLICE_X113Y64        CARRY4 (Prop_carry4_CI_CO[3])
                                                      0.114     8.374 r  sum_reg[11]_i_1/CO[3]
                         net (fo=1, routed)           0.000     8.374    sum_reg[11]_i_1_n_0
    SLICE_X113Y65        CARRY4 (Prop_carry4_CI_CO[3])
                                                      0.114     8.488 r  sum_reg[15]_i_1/CO[3]
                         net (fo=1, routed)           0.000     8.488    sum_reg[15]_i_1_n_0
    SLICE_X113Y66        CARRY4 (Prop_carry4_CI_CO[3])
                                                      0.114     8.602 r  sum_reg[19]_i_1/CO[3]
                         net (fo=1, routed)           0.000     8.602    sum_reg[19]_i_1_n_0
    SLICE_X113Y67        CARRY4 (Prop_carry4_CI_CO[3])
                                                      0.114     8.716 r  sum_reg[23]_i_1/CO[3]
                         net (fo=1, routed)           0.000     8.716    sum_reg[23]_i_1_n_0
    SLICE_X113Y68        CARRY4 (Prop_carry4_CI_CO[3])
                                                      0.114     8.830 r  sum_reg[27]_i_1/CO[3]
                         net (fo=1, routed)           0.000     8.830    sum_reg[27]_i_1_n_0
    SLICE_X113Y69        CARRY4 (Prop_carry4_CI_O[3])
                                                      0.313     9.143 r  sum_reg[31]_i_1/O[3]
                         net (fo=1, routed)           0.000     9.143    p_0_in[31]
    SLICE_X113Y69        FDRE                                         r  sum_reg[31]/D
  -------------------------------------------------------------------    -------------------

Slack:                    inf
  Source:                 a[0]
                            (input port)
  Destination:            sum_reg[30]/D
  Path Group:             (none)
  Path Type:              Max at Slow Process Corner
  Data Path Delay:        9.069ns  (logic 2.535ns (27.949%)  route 6.534ns (72.051%))
  Logic Levels:           10  (CARRY4=8 IBUF=1 LUT2=1)

    Location             Delay type                Incr(ns)  Path(ns)    Netlist Resource(s)
  -------------------------------------------------------------------    -------------------
    W6                                                0.000     0.000 r  a[0] (IN)
                         net (fo=0)                   0.000     0.000    a[0]
    W6                   IBUF (Prop_ibuf_I_O)         0.956     0.956 r  a_IBUF[0]_inst/O
                         net (fo=2, routed)           6.534     7.490    a_IBUF[0]
    SLICE_X113Y62        LUT2 (Prop_lut2_I0_O)        0.124     7.614 r  sum[3]_i_5/O
                         net (fo=1, routed)           0.000     7.614    sum[3]_i_5_n_0
    SLICE_X113Y62        CARRY4 (Prop_carry4_S[0]_CO[3])
                                                      0.532     8.146 r  sum_reg[3]_i_1/CO[3]
                         net (fo=1, routed)           0.000     8.146    sum_reg[3]_i_1_n_0
    SLICE_X113Y63        CARRY4 (Prop_carry4_CI_CO[3])
                                                      0.114     8.260 r  sum_reg[7]_i_1/CO[3]
                         net (fo=1, routed)           0.000     8.260    sum_reg[7]_i_1_n_0
    SLICE_X113Y64        CARRY4 (Prop_carry4_CI_CO[3])
                                                      0.114     8.374 r  sum_reg[11]_i_1/CO[3]
                         net (fo=1, routed)           0.000     8.374    sum_reg[11]_i_1_n_0
    SLICE_X113Y65        CARRY4 (Prop_carry4_CI_CO[3])
                                                      0.114     8.488 r  sum_reg[15]_i_1/CO[3]
                         net (fo=1, routed)           0.000     8.488    sum_reg[15]_i_1_n_0
    SLICE_X113Y66        CARRY4 (Prop_carry4_CI_CO[3])
                                                      0.114     8.602 r  sum_reg[19]_i_1/CO[3]
                         net (fo=1, routed)           0.000     8.602    sum_reg[19]_i_1_n_0
    SLICE_X113Y67        CARRY4 (Prop_carry4_CI_CO[3])
                                                      0.114     8.716 r  sum_reg[23]_i_1/CO[3]
                         net (fo=1, routed)           0.000     8.716    sum_reg[23]_i_1_n_0
    SLICE_X113Y68        CARRY4 (Prop_carry4_CI_CO[3])
                                                      0.114     8.830 r  sum_reg[27]_i_1/CO[3]
                         net (fo=1, routed)           0.000     8.830    sum_reg[27]_i_1_n_0
    SLICE_X113Y69        CARRY4 (Prop_carry4_CI_O[2])
                                                      0.239     9.069 r  sum_reg[31]_i_1/O[2]
                         net (fo=1, routed)           0.000     9.069    p_0_in[30]
    SLICE_X113Y69        FDRE                                         r  sum_reg[30]/D
  -------------------------------------------------------------------    -------------------

Slack:                    inf
  Source:                 a[0]
                            (input port)
  Destination:            sum_reg[28]/D
  Path Group:             (none)
  Path Type:              Max at Slow Process Corner
  Data Path Delay:        9.053ns  (logic 2.519ns (27.822%)  route 6.534ns (72.178%))
  Logic Levels:           10  (CARRY4=8 IBUF=1 LUT2=1)

    Location             Delay type                Incr(ns)  Path(ns)    Netlist Resource(s)
  -------------------------------------------------------------------    -------------------
    W6                                                0.000     0.000 r  a[0] (IN)
                         net (fo=0)                   0.000     0.000    a[0]
    W6                   IBUF (Prop_ibuf_I_O)         0.956     0.956 r  a_IBUF[0]_inst/O
                         net (fo=2, routed)           6.534     7.490    a_IBUF[0]
    SLICE_X113Y62        LUT2 (Prop_lut2_I0_O)        0.124     7.614 r  sum[3]_i_5/O
                         net (fo=1, routed)           0.000     7.614    sum[3]_i_5_n_0
    SLICE_X113Y62        CARRY4 (Prop_carry4_S[0]_CO[3])
                                                      0.532     8.146 r  sum_reg[3]_i_1/CO[3]
                         net (fo=1, routed)           0.000     8.146    sum_reg[3]_i_1_n_0
    SLICE_X113Y63        CARRY4 (Prop_carry4_CI_CO[3])
                                                      0.114     8.260 r  sum_reg[7]_i_1/CO[3]
                         net (fo=1, routed)           0.000     8.260    sum_reg[7]_i_1_n_0
    SLICE_X113Y64        CARRY4 (Prop_carry4_CI_CO[3])
                                                      0.114     8.374 r  sum_reg[11]_i_1/CO[3]
                         net (fo=1, routed)           0.000     8.374    sum_reg[11]_i_1_n_0
    SLICE_X113Y65        CARRY4 (Prop_carry4_CI_CO[3])
                                                      0.114     8.488 r  sum_reg[15]_i_1/CO[3]
                         net (fo=1, routed)           0.000     8.488    sum_reg[15]_i_1_n_0
    SLICE_X113Y66        CARRY4 (Prop_carry4_CI_CO[3])
                                                      0.114     8.602 r  sum_reg[19]_i_1/CO[3]
                         net (fo=1, routed)           0.000     8.602    sum_reg[19]_i_1_n_0
    SLICE_X113Y67        CARRY4 (Prop_carry4_CI_CO[3])
                                                      0.114     8.716 r  sum_reg[23]_i_1/CO[3]
                         net (fo=1, routed)           0.000     8.716    sum_reg[23]_i_1_n_0
    SLICE_X113Y68        CARRY4 (Prop_carry4_CI_CO[3])
                                                      0.114     8.830 r  sum_reg[27]_i_1/CO[3]
                         net (fo=1, routed)           0.000     8.830    sum_reg[27]_i_1_n_0
    SLICE_X113Y69        CARRY4 (Prop_carry4_CI_O[0])
                                                      0.223     9.053 r  sum_reg[31]_i_1/O[0]
                         net (fo=1, routed)           0.000     9.053    p_0_in[28]
    SLICE_X113Y69        FDRE                                         r  sum_reg[28]/D
  -------------------------------------------------------------------    -------------------

Slack:                    inf
  Source:                 a[0]
                            (input port)
  Destination:            sum_reg[25]/D
  Path Group:             (none)
  Path Type:              Max at Slow Process Corner
  Data Path Delay:        9.050ns  (logic 2.516ns (27.798%)  route 6.534ns (72.202%))
  Logic Levels:           9  (CARRY4=7 IBUF=1 LUT2=1)

    Location             Delay type                Incr(ns)  Path(ns)    Netlist Resource(s)
  -------------------------------------------------------------------    -------------------
    W6                                                0.000     0.000 r  a[0] (IN)
                         net (fo=0)                   0.000     0.000    a[0]
    W6                   IBUF (Prop_ibuf_I_O)         0.956     0.956 r  a_IBUF[0]_inst/O
                         net (fo=2, routed)           6.534     7.490    a_IBUF[0]
    SLICE_X113Y62        LUT2 (Prop_lut2_I0_O)        0.124     7.614 r  sum[3]_i_5/O
                         net (fo=1, routed)           0.000     7.614    sum[3]_i_5_n_0
    SLICE_X113Y62        CARRY4 (Prop_carry4_S[0]_CO[3])
                                                      0.532     8.146 r  sum_reg[3]_i_1/CO[3]
                         net (fo=1, routed)           0.000     8.146    sum_reg[3]_i_1_n_0
    SLICE_X113Y63        CARRY4 (Prop_carry4_CI_CO[3])
                                                      0.114     8.260 r  sum_reg[7]_i_1/CO[3]
                         net (fo=1, routed)           0.000     8.260    sum_reg[7]_i_1_n_0
    SLICE_X113Y64        CARRY4 (Prop_carry4_CI_CO[3])
                                                      0.114     8.374 r  sum_reg[11]_i_1/CO[3]
                         net (fo=1, routed)           0.000     8.374    sum_reg[11]_i_1_n_0
    SLICE_X113Y65        CARRY4 (Prop_carry4_CI_CO[3])
                                                      0.114     8.488 r  sum_reg[15]_i_1/CO[3]
                         net (fo=1, routed)           0.000     8.488    sum_reg[15]_i_1_n_0
    SLICE_X113Y66        CARRY4 (Prop_carry4_CI_CO[3])
                                                      0.114     8.602 r  sum_reg[19]_i_1/CO[3]
                         net (fo=1, routed)           0.000     8.602    sum_reg[19]_i_1_n_0
    SLICE_X113Y67        CARRY4 (Prop_carry4_CI_CO[3])
                                                      0.114     8.716 r  sum_reg[23]_i_1/CO[3]
                         net (fo=1, routed)           0.000     8.716    sum_reg[23]_i_1_n_0
    SLICE_X113Y68        CARRY4 (Prop_carry4_CI_O[1])
                                                      0.334     9.050 r  sum_reg[27]_i_1/O[1]
                         net (fo=1, routed)           0.000     9.050    p_0_in[25]
    SLICE_X113Y68        FDRE                                         r  sum_reg[25]/D
  -------------------------------------------------------------------    -------------------

Slack:                    inf
  Source:                 a[0]
                            (input port)
  Destination:            sum_reg[27]/D
  Path Group:             (none)
  Path Type:              Max at Slow Process Corner
  Data Path Delay:        9.029ns  (logic 2.495ns (27.630%)  route 6.534ns (72.370%))
  Logic Levels:           9  (CARRY4=7 IBUF=1 LUT2=1)

    Location             Delay type                Incr(ns)  Path(ns)    Netlist Resource(s)
  -------------------------------------------------------------------    -------------------
    W6                                                0.000     0.000 r  a[0] (IN)
                         net (fo=0)                   0.000     0.000    a[0]
    W6                   IBUF (Prop_ibuf_I_O)         0.956     0.956 r  a_IBUF[0]_inst/O
                         net (fo=2, routed)           6.534     7.490    a_IBUF[0]
    SLICE_X113Y62        LUT2 (Prop_lut2_I0_O)        0.124     7.614 r  sum[3]_i_5/O
                         net (fo=1, routed)           0.000     7.614    sum[3]_i_5_n_0
    SLICE_X113Y62        CARRY4 (Prop_carry4_S[0]_CO[3])
                                                      0.532     8.146 r  sum_reg[3]_i_1/CO[3]
                         net (fo=1, routed)           0.000     8.146    sum_reg[3]_i_1_n_0
    SLICE_X113Y63        CARRY4 (Prop_carry4_CI_CO[3])
                                                      0.114     8.260 r  sum_reg[7]_i_1/CO[3]
                         net (fo=1, routed)           0.000     8.260    sum_reg[7]_i_1_n_0
    SLICE_X113Y64        CARRY4 (Prop_carry4_CI_CO[3])
                                                      0.114     8.374 r  sum_reg[11]_i_1/CO[3]
                         net (fo=1, routed)           0.000     8.374    sum_reg[11]_i_1_n_0
    SLICE_X113Y65        CARRY4 (Prop_carry4_CI_CO[3])
                                                      0.114     8.488 r  sum_reg[15]_i_1/CO[3]
                         net (fo=1, routed)           0.000     8.488    sum_reg[15]_i_1_n_0
    SLICE_X113Y66        CARRY4 (Prop_carry4_CI_CO[3])
                                                      0.114     8.602 r  sum_reg[19]_i_1/CO[3]
                         net (fo=1, routed)           0.000     8.602    sum_reg[19]_i_1_n_0
    SLICE_X113Y67        CARRY4 (Prop_carry4_CI_CO[3])
                                                      0.114     8.716 r  sum_reg[23]_i_1/CO[3]
                         net (fo=1, routed)           0.000     8.716    sum_reg[23]_i_1_n_0
    SLICE_X113Y68        CARRY4 (Prop_carry4_CI_O[3])
                                                      0.313     9.029 r  sum_reg[27]_i_1/O[3]
                         net (fo=1, routed)           0.000     9.029    p_0_in[27]
    SLICE_X113Y68        FDRE                                         r  sum_reg[27]/D
  -------------------------------------------------------------------    -------------------

Slack:                    inf
  Source:                 a[0]
                            (input port)
  Destination:            sum_reg[26]/D
  Path Group:             (none)
  Path Type:              Max at Slow Process Corner
  Data Path Delay:        8.955ns  (logic 2.421ns (27.032%)  route 6.534ns (72.968%))
  Logic Levels:           9  (CARRY4=7 IBUF=1 LUT2=1)

    Location             Delay type                Incr(ns)  Path(ns)    Netlist Resource(s)
  -------------------------------------------------------------------    -------------------
    W6                                                0.000     0.000 r  a[0] (IN)
                         net (fo=0)                   0.000     0.000    a[0]
    W6                   IBUF (Prop_ibuf_I_O)         0.956     0.956 r  a_IBUF[0]_inst/O
                         net (fo=2, routed)           6.534     7.490    a_IBUF[0]
    SLICE_X113Y62        LUT2 (Prop_lut2_I0_O)        0.124     7.614 r  sum[3]_i_5/O
                         net (fo=1, routed)           0.000     7.614    sum[3]_i_5_n_0
    SLICE_X113Y62        CARRY4 (Prop_carry4_S[0]_CO[3])
                                                      0.532     8.146 r  sum_reg[3]_i_1/CO[3]
                         net (fo=1, routed)           0.000     8.146    sum_reg[3]_i_1_n_0
    SLICE_X113Y63        CARRY4 (Prop_carry4_CI_CO[3])
                                                      0.114     8.260 r  sum_reg[7]_i_1/CO[3]
                         net (fo=1, routed)           0.000     8.260    sum_reg[7]_i_1_n_0
    SLICE_X113Y64        CARRY4 (Prop_carry4_CI_CO[3])
                                                      0.114     8.374 r  sum_reg[11]_i_1/CO[3]
                         net (fo=1, routed)           0.000     8.374    sum_reg[11]_i_1_n_0
    SLICE_X113Y65        CARRY4 (Prop_carry4_CI_CO[3])
                                                      0.114     8.488 r  sum_reg[15]_i_1/CO[3]
                         net (fo=1, routed)           0.000     8.488    sum_reg[15]_i_1_n_0
    SLICE_X113Y66        CARRY4 (Prop_carry4_CI_CO[3])
                                                      0.114     8.602 r  sum_reg[19]_i_1/CO[3]
                         net (fo=1, routed)           0.000     8.602    sum_reg[19]_i_1_n_0
    SLICE_X113Y67        CARRY4 (Prop_carry4_CI_CO[3])
                                                      0.114     8.716 r  sum_reg[23]_i_1/CO[3]
                         net (fo=1, routed)           0.000     8.716    sum_reg[23]_i_1_n_0
    SLICE_X113Y68        CARRY4 (Prop_carry4_CI_O[2])
                                                      0.239     8.955 r  sum_reg[27]_i_1/O[2]
                         net (fo=1, routed)           0.000     8.955    p_0_in[26]
    SLICE_X113Y68        FDRE                                         r  sum_reg[26]/D
  -------------------------------------------------------------------    -------------------

Slack:                    inf
  Source:                 a[0]
                            (input port)
  Destination:            sum_reg[24]/D
  Path Group:             (none)
  Path Type:              Max at Slow Process Corner
  Data Path Delay:        8.939ns  (logic 2.405ns (26.901%)  route 6.534ns (73.099%))
  Logic Levels:           9  (CARRY4=7 IBUF=1 LUT2=1)

    Location             Delay type                Incr(ns)  Path(ns)    Netlist Resource(s)
  -------------------------------------------------------------------    -------------------
    W6                                                0.000     0.000 r  a[0] (IN)
                         net (fo=0)                   0.000     0.000    a[0]
    W6                   IBUF (Prop_ibuf_I_O)         0.956     0.956 r  a_IBUF[0]_inst/O
                         net (fo=2, routed)           6.534     7.490    a_IBUF[0]
    SLICE_X113Y62        LUT2 (Prop_lut2_I0_O)        0.124     7.614 r  sum[3]_i_5/O
                         net (fo=1, routed)           0.000     7.614    sum[3]_i_5_n_0
    SLICE_X113Y62        CARRY4 (Prop_carry4_S[0]_CO[3])
                                                      0.532     8.146 r  sum_reg[3]_i_1/CO[3]
                         net (fo=1, routed)           0.000     8.146    sum_reg[3]_i_1_n_0
    SLICE_X113Y63        CARRY4 (Prop_carry4_CI_CO[3])
                                                      0.114     8.260 r  sum_reg[7]_i_1/CO[3]
                         net (fo=1, routed)           0.000     8.260    sum_reg[7]_i_1_n_0
    SLICE_X113Y64        CARRY4 (Prop_carry4_CI_CO[3])
                                                      0.114     8.374 r  sum_reg[11]_i_1/CO[3]
                         net (fo=1, routed)           0.000     8.374    sum_reg[11]_i_1_n_0
    SLICE_X113Y65        CARRY4 (Prop_carry4_CI_CO[3])
                                                      0.114     8.488 r  sum_reg[15]_i_1/CO[3]
                         net (fo=1, routed)           0.000     8.488    sum_reg[15]_i_1_n_0
    SLICE_X113Y66        CARRY4 (Prop_carry4_CI_CO[3])
                                                      0.114     8.602 r  sum_reg[19]_i_1/CO[3]
                         net (fo=1, routed)           0.000     8.602    sum_reg[19]_i_1_n_0
    SLICE_X113Y67        CARRY4 (Prop_carry4_CI_CO[3])
                                                      0.114     8.716 r  sum_reg[23]_i_1/CO[3]
                         net (fo=1, routed)           0.000     8.716    sum_reg[23]_i_1_n_0
    SLICE_X113Y68        CARRY4 (Prop_carry4_CI_O[0])
                                                      0.223     8.939 r  sum_reg[27]_i_1/O[0]
                         net (fo=1, routed)           0.000     8.939    p_0_in[24]
    SLICE_X113Y68        FDRE                                         r  sum_reg[24]/D
  -------------------------------------------------------------------    -------------------

Slack:                    inf
  Source:                 a[0]
                            (input port)
  Destination:            sum_reg[21]/D
  Path Group:             (none)
  Path Type:              Max at Slow Process Corner
  Data Path Delay:        8.936ns  (logic 2.402ns (26.877%)  route 6.534ns (73.123%))
  Logic Levels:           8  (CARRY4=6 IBUF=1 LUT2=1)

    Location             Delay type                Incr(ns)  Path(ns)    Netlist Resource(s)
  -------------------------------------------------------------------    -------------------
    W6                                                0.000     0.000 r  a[0] (IN)
                         net (fo=0)                   0.000     0.000    a[0]
    W6                   IBUF (Prop_ibuf_I_O)         0.956     0.956 r  a_IBUF[0]_inst/O
                         net (fo=2, routed)           6.534     7.490    a_IBUF[0]
    SLICE_X113Y62        LUT2 (Prop_lut2_I0_O)        0.124     7.614 r  sum[3]_i_5/O
                         net (fo=1, routed)           0.000     7.614    sum[3]_i_5_n_0
    SLICE_X113Y62        CARRY4 (Prop_carry4_S[0]_CO[3])
                                                      0.532     8.146 r  sum_reg[3]_i_1/CO[3]
                         net (fo=1, routed)           0.000     8.146    sum_reg[3]_i_1_n_0
    SLICE_X113Y63        CARRY4 (Prop_carry4_CI_CO[3])
                                                      0.114     8.260 r  sum_reg[7]_i_1/CO[3]
                         net (fo=1, routed)           0.000     8.260    sum_reg[7]_i_1_n_0
    SLICE_X113Y64        CARRY4 (Prop_carry4_CI_CO[3])
                                                      0.114     8.374 r  sum_reg[11]_i_1/CO[3]
                         net (fo=1, routed)           0.000     8.374    sum_reg[11]_i_1_n_0
    SLICE_X113Y65        CARRY4 (Prop_carry4_CI_CO[3])
                                                      0.114     8.488 r  sum_reg[15]_i_1/CO[3]
                         net (fo=1, routed)           0.000     8.488    sum_reg[15]_i_1_n_0
    SLICE_X113Y66        CARRY4 (Prop_carry4_CI_CO[3])
                                                      0.114     8.602 r  sum_reg[19]_i_1/CO[3]
                         net (fo=1, routed)           0.000     8.602    sum_reg[19]_i_1_n_0
    SLICE_X113Y67        CARRY4 (Prop_carry4_CI_O[1])
                                                      0.334     8.936 r  sum_reg[23]_i_1/O[1]
                         net (fo=1, routed)           0.000     8.936    p_0_in[21]
    SLICE_X113Y67        FDRE                                         r  sum_reg[21]/D
  -------------------------------------------------------------------    -------------------

Slack:                    inf
  Source:                 a[0]
                            (input port)
  Destination:            sum_reg[23]/D
  Path Group:             (none)
  Path Type:              Max at Slow Process Corner
  Data Path Delay:        8.915ns  (logic 2.381ns (26.704%)  route 6.534ns (73.296%))
  Logic Levels:           8  (CARRY4=6 IBUF=1 LUT2=1)

    Location             Delay type                Incr(ns)  Path(ns)    Netlist Resource(s)
  -------------------------------------------------------------------    -------------------
    W6                                                0.000     0.000 r  a[0] (IN)
                         net (fo=0)                   0.000     0.000    a[0]
    W6                   IBUF (Prop_ibuf_I_O)         0.956     0.956 r  a_IBUF[0]_inst/O
                         net (fo=2, routed)           6.534     7.490    a_IBUF[0]
    SLICE_X113Y62        LUT2 (Prop_lut2_I0_O)        0.124     7.614 r  sum[3]_i_5/O
                         net (fo=1, routed)           0.000     7.614    sum[3]_i_5_n_0
    SLICE_X113Y62        CARRY4 (Prop_carry4_S[0]_CO[3])
                                                      0.532     8.146 r  sum_reg[3]_i_1/CO[3]
                         net (fo=1, routed)           0.000     8.146    sum_reg[3]_i_1_n_0
    SLICE_X113Y63        CARRY4 (Prop_carry4_CI_CO[3])
                                                      0.114     8.260 r  sum_reg[7]_i_1/CO[3]
                         net (fo=1, routed)           0.000     8.260    sum_reg[7]_i_1_n_0
    SLICE_X113Y64        CARRY4 (Prop_carry4_CI_CO[3])
                                                      0.114     8.374 r  sum_reg[11]_i_1/CO[3]
                         net (fo=1, routed)           0.000     8.374    sum_reg[11]_i_1_n_0
    SLICE_X113Y65        CARRY4 (Prop_carry4_CI_CO[3])
                                                      0.114     8.488 r  sum_reg[15]_i_1/CO[3]
                         net (fo=1, routed)           0.000     8.488    sum_reg[15]_i_1_n_0
    SLICE_X113Y66        CARRY4 (Prop_carry4_CI_CO[3])
                                                      0.114     8.602 r  sum_reg[19]_i_1/CO[3]
                         net (fo=1, routed)           0.000     8.602    sum_reg[19]_i_1_n_0
    SLICE_X113Y67        CARRY4 (Prop_carry4_CI_O[3])
                                                      0.313     8.915 r  sum_reg[23]_i_1/O[3]
                         net (fo=1, routed)           0.000     8.915    p_0_in[23]
    SLICE_X113Y67        FDRE                                         r  sum_reg[23]/D
  -------------------------------------------------------------------    -------------------





Min Delay Paths
--------------------------------------------------------------------------------------
Slack:                    inf
  Source:                 a[31]
                            (input port)
  Destination:            sum_reg[31]/D
  Path Group:             (none)
  Path Type:              Min at Fast Process Corner
  Data Path Delay:        0.826ns  (logic 0.312ns (37.773%)  route 0.514ns (62.227%))
  Logic Levels:           3  (CARRY4=1 IBUF=1 LUT2=1)

    Location             Delay type                Incr(ns)  Path(ns)    Netlist Resource(s)
  -------------------------------------------------------------------    -------------------
    W18                                               0.000     0.000 r  a[31] (IN)
                         net (fo=0)                   0.000     0.000    a[31]
    W18                  IBUF (Prop_ibuf_I_O)         0.204     0.204 r  a_IBUF[31]_inst/O
                         net (fo=1, routed)           0.514     0.718    a_IBUF[31]
    SLICE_X113Y69        LUT2 (Prop_lut2_I0_O)        0.045     0.763 r  sum[31]_i_2/O
                         net (fo=1, routed)           0.000     0.763    sum[31]_i_2_n_0
    SLICE_X113Y69        CARRY4 (Prop_carry4_S[3]_O[3])
                                                      0.063     0.826 r  sum_reg[31]_i_1/O[3]
                         net (fo=1, routed)           0.000     0.826    p_0_in[31]
    SLICE_X113Y69        FDRE                                         r  sum_reg[31]/D
  -------------------------------------------------------------------    -------------------

Slack:                    inf
  Source:                 a[28]
                            (input port)
  Destination:            sum_reg[29]/D
  Path Group:             (none)
  Path Type:              Min at Fast Process Corner
  Data Path Delay:        0.920ns  (logic 0.299ns (32.516%)  route 0.621ns (67.484%))
  Logic Levels:           2  (CARRY4=1 IBUF=1)

    Location             Delay type                Incr(ns)  Path(ns)    Netlist Resource(s)
  -------------------------------------------------------------------    -------------------
    P18                                               0.000     0.000 r  a[28] (IN)
                         net (fo=0)                   0.000     0.000    a[28]
    P18                  IBUF (Prop_ibuf_I_O)         0.175     0.175 r  a_IBUF[28]_inst/O
                         net (fo=2, routed)           0.621     0.796    a_IBUF[28]
    SLICE_X113Y69        CARRY4 (Prop_carry4_DI[0]_O[1])
                                                      0.124     0.920 r  sum_reg[31]_i_1/O[1]
                         net (fo=1, routed)           0.000     0.920    p_0_in[29]
    SLICE_X113Y69        FDRE                                         r  sum_reg[29]/D
  -------------------------------------------------------------------    -------------------

Slack:                    inf
  Source:                 a[28]
                            (input port)
  Destination:            sum_reg[28]/D
  Path Group:             (none)
  Path Type:              Min at Fast Process Corner
  Data Path Delay:        0.929ns  (logic 0.290ns (31.207%)  route 0.639ns (68.793%))
  Logic Levels:           3  (CARRY4=1 IBUF=1 LUT2=1)

    Location             Delay type                Incr(ns)  Path(ns)    Netlist Resource(s)
  -------------------------------------------------------------------    -------------------
    P18                                               0.000     0.000 r  a[28] (IN)
                         net (fo=0)                   0.000     0.000    a[28]
    P18                  IBUF (Prop_ibuf_I_O)         0.175     0.175 r  a_IBUF[28]_inst/O
                         net (fo=2, routed)           0.639     0.814    a_IBUF[28]
    SLICE_X113Y69        LUT2 (Prop_lut2_I0_O)        0.045     0.859 r  sum[31]_i_5/O
                         net (fo=1, routed)           0.000     0.859    sum[31]_i_5_n_0
    SLICE_X113Y69        CARRY4 (Prop_carry4_S[0]_O[0])
                                                      0.070     0.929 r  sum_reg[31]_i_1/O[0]
                         net (fo=1, routed)           0.000     0.929    p_0_in[28]
    SLICE_X113Y69        FDRE                                         r  sum_reg[28]/D
  -------------------------------------------------------------------    -------------------

Slack:                    inf
  Source:                 a[26]
                            (input port)
  Destination:            sum_reg[27]/D
  Path Group:             (none)
  Path Type:              Min at Fast Process Corner
  Data Path Delay:        0.932ns  (logic 0.325ns (34.919%)  route 0.607ns (65.081%))
  Logic Levels:           2  (CARRY4=1 IBUF=1)

    Location             Delay type                Incr(ns)  Path(ns)    Netlist Resource(s)
  -------------------------------------------------------------------    -------------------
    P16                                               0.000     0.000 r  a[26] (IN)
                         net (fo=0)                   0.000     0.000    a[26]
    P16                  IBUF (Prop_ibuf_I_O)         0.198     0.198 r  a_IBUF[26]_inst/O
                         net (fo=2, routed)           0.607     0.805    a_IBUF[26]
    SLICE_X113Y68        CARRY4 (Prop_carry4_DI[2]_O[3])
                                                      0.127     0.932 r  sum_reg[27]_i_1/O[3]
                         net (fo=1, routed)           0.000     0.932    p_0_in[27]
    SLICE_X113Y68        FDRE                                         r  sum_reg[27]/D
  -------------------------------------------------------------------    -------------------

Slack:                    inf
  Source:                 a[29]
                            (input port)
  Destination:            sum_reg[30]/D
  Path Group:             (none)
  Path Type:              Min at Fast Process Corner
  Data Path Delay:        0.942ns  (logic 0.336ns (35.673%)  route 0.606ns (64.327%))
  Logic Levels:           2  (CARRY4=1 IBUF=1)

    Location             Delay type                Incr(ns)  Path(ns)    Netlist Resource(s)
  -------------------------------------------------------------------    -------------------
    N17                                               0.000     0.000 r  a[29] (IN)
                         net (fo=0)                   0.000     0.000    a[29]
    N17                  IBUF (Prop_ibuf_I_O)         0.190     0.190 r  a_IBUF[29]_inst/O
                         net (fo=2, routed)           0.606     0.796    a_IBUF[29]
    SLICE_X113Y69        CARRY4 (Prop_carry4_DI[1]_O[2])
                                                      0.146     0.942 r  sum_reg[31]_i_1/O[2]
                         net (fo=1, routed)           0.000     0.942    p_0_in[30]
    SLICE_X113Y69        FDRE                                         r  sum_reg[30]/D
  -------------------------------------------------------------------    -------------------

Slack:                    inf
  Source:                 a[25]
                            (input port)
  Destination:            sum_reg[25]/D
  Path Group:             (none)
  Path Type:              Min at Fast Process Corner
  Data Path Delay:        0.964ns  (logic 0.310ns (32.179%)  route 0.654ns (67.821%))
  Logic Levels:           3  (CARRY4=1 IBUF=1 LUT2=1)

    Location             Delay type                Incr(ns)  Path(ns)    Netlist Resource(s)
  -------------------------------------------------------------------    -------------------
    T19                                               0.000     0.000 r  a[25] (IN)
                         net (fo=0)                   0.000     0.000    a[25]
    T19                  IBUF (Prop_ibuf_I_O)         0.200     0.200 r  a_IBUF[25]_inst/O
                         net (fo=2, routed)           0.654     0.854    a_IBUF[25]
    SLICE_X113Y68        LUT2 (Prop_lut2_I0_O)        0.045     0.899 r  sum[27]_i_4/O
                         net (fo=1, routed)           0.000     0.899    sum[27]_i_4_n_0
    SLICE_X113Y68        CARRY4 (Prop_carry4_S[1]_O[1])
                                                      0.065     0.964 r  sum_reg[27]_i_1/O[1]
                         net (fo=1, routed)           0.000     0.964    p_0_in[25]
    SLICE_X113Y68        FDRE                                         r  sum_reg[25]/D
  -------------------------------------------------------------------    -------------------

Slack:                    inf
  Source:                 a[26]
                            (input port)
  Destination:            sum_reg[26]/D
  Path Group:             (none)
  Path Type:              Min at Fast Process Corner
  Data Path Delay:        1.022ns  (logic 0.309ns (30.287%)  route 0.712ns (69.713%))
  Logic Levels:           3  (CARRY4=1 IBUF=1 LUT2=1)

    Location             Delay type                Incr(ns)  Path(ns)    Netlist Resource(s)
  -------------------------------------------------------------------    -------------------
    P16                                               0.000     0.000 r  a[26] (IN)
                         net (fo=0)                   0.000     0.000    a[26]
    P16                  IBUF (Prop_ibuf_I_O)         0.198     0.198 r  a_IBUF[26]_inst/O
                         net (fo=2, routed)           0.712     0.911    a_IBUF[26]
    SLICE_X113Y68        LUT2 (Prop_lut2_I0_O)        0.045     0.956 r  sum[27]_i_3/O
                         net (fo=1, routed)           0.000     0.956    sum[27]_i_3_n_0
    SLICE_X113Y68        CARRY4 (Prop_carry4_S[2]_O[2])
                                                      0.066     1.022 r  sum_reg[27]_i_1/O[2]
                         net (fo=1, routed)           0.000     1.022    p_0_in[26]
    SLICE_X113Y68        FDRE                                         r  sum_reg[26]/D
  -------------------------------------------------------------------    -------------------

Slack:                    inf
  Source:                 b[13]
                            (input port)
  Destination:            sum_reg[13]/D
  Path Group:             (none)
  Path Type:              Min at Fast Process Corner
  Data Path Delay:        1.040ns  (logic 0.276ns (26.548%)  route 0.764ns (73.452%))
  Logic Levels:           3  (CARRY4=1 IBUF=1 LUT2=1)

    Location             Delay type                Incr(ns)  Path(ns)    Netlist Resource(s)
  -------------------------------------------------------------------    -------------------
    G20                                               0.000     0.000 r  b[13] (IN)
                         net (fo=0)                   0.000     0.000    b[13]
    G20                  IBUF (Prop_ibuf_I_O)         0.166     0.166 r  b_IBUF[13]_inst/O
                         net (fo=1, routed)           0.764     0.930    b_IBUF[13]
    SLICE_X113Y65        LUT2 (Prop_lut2_I1_O)        0.045     0.975 r  sum[15]_i_4/O
                         net (fo=1, routed)           0.000     0.975    sum[15]_i_4_n_0
    SLICE_X113Y65        CARRY4 (Prop_carry4_S[1]_O[1])
                                                      0.065     1.040 r  sum_reg[15]_i_1/O[1]
                         net (fo=1, routed)           0.000     1.040    p_0_in[13]
    SLICE_X113Y65        FDRE                                         r  sum_reg[13]/D
  -------------------------------------------------------------------    -------------------

Slack:                    inf
  Source:                 b[13]
                            (input port)
  Destination:            sum_reg[14]/D
  Path Group:             (none)
  Path Type:              Min at Fast Process Corner
  Data Path Delay:        1.127ns  (logic 0.363ns (32.218%)  route 0.764ns (67.782%))
  Logic Levels:           3  (CARRY4=1 IBUF=1 LUT2=1)

    Location             Delay type                Incr(ns)  Path(ns)    Netlist Resource(s)
  -------------------------------------------------------------------    -------------------
    G20                                               0.000     0.000 r  b[13] (IN)
                         net (fo=0)                   0.000     0.000    b[13]
    G20                  IBUF (Prop_ibuf_I_O)         0.166     0.166 r  b_IBUF[13]_inst/O
                         net (fo=1, routed)           0.764     0.930    b_IBUF[13]
    SLICE_X113Y65        LUT2 (Prop_lut2_I1_O)        0.045     0.975 r  sum[15]_i_4/O
                         net (fo=1, routed)           0.000     0.975    sum[15]_i_4_n_0
    SLICE_X113Y65        CARRY4 (Prop_carry4_S[1]_O[2])
                                                      0.152     1.127 r  sum_reg[15]_i_1/O[2]
                         net (fo=1, routed)           0.000     1.127    p_0_in[14]
    SLICE_X113Y65        FDRE                                         r  sum_reg[14]/D
  -------------------------------------------------------------------    -------------------

Slack:                    inf
  Source:                 b[13]
                            (input port)
  Destination:            sum_reg[15]/D
  Path Group:             (none)
  Path Type:              Min at Fast Process Corner
  Data Path Delay:        1.147ns  (logic 0.383ns (33.399%)  route 0.764ns (66.601%))
  Logic Levels:           3  (CARRY4=1 IBUF=1 LUT2=1)

    Location             Delay type                Incr(ns)  Path(ns)    Netlist Resource(s)
  -------------------------------------------------------------------    -------------------
    G20                                               0.000     0.000 r  b[13] (IN)
                         net (fo=0)                   0.000     0.000    b[13]
    G20                  IBUF (Prop_ibuf_I_O)         0.166     0.166 r  b_IBUF[13]_inst/O
                         net (fo=1, routed)           0.764     0.930    b_IBUF[13]
    SLICE_X113Y65        LUT2 (Prop_lut2_I1_O)        0.045     0.975 r  sum[15]_i_4/O
                         net (fo=1, routed)           0.000     0.975    sum[15]_i_4_n_0
    SLICE_X113Y65        CARRY4 (Prop_carry4_S[1]_O[3])
                                                      0.172     1.147 r  sum_reg[15]_i_1/O[3]
                         net (fo=1, routed)           0.000     1.147    p_0_in[15]
    SLICE_X113Y65        FDRE                                         r  sum_reg[15]/D
  -------------------------------------------------------------------    -------------------





